iter	0
group	train
example	0
log.note	
exec.memory	1.0G
exec.time	2.4s
exec.errors	0
exec.warnings	9
train.correct.count	1.0
train.correct.mean	0.0
train.correct.max	0.0
train.oracle.count	1.0
train.oracle.mean	0.0
train.oracle.max	0.0
train.partCorrect.count	1.0
train.partCorrect.mean	0.0
train.partCorrect.max	0.0
train.partOracle.count	1.0
train.partOracle.mean	0.0
train.partOracle.max	0.0
train.parsed.count	1.0
train.parsed.mean	1.0
train.parsed.max	1.0
train.numCandidates.count	1.0
train.numCandidates.mean	1581.0
train.numCandidates.max	1581.0
train.parsedNumCandidates.count	1.0
train.parsedNumCandidates.mean	1581.0
train.parsedNumCandidates.max	1581.0
train.numCorrect.count	1.0
train.numCorrect.mean	0.0
train.numCorrect.max	0.0
train.numPartialCorrect.count	1.0
train.numPartialCorrect.mean	0.0
train.numPartialCorrect.max	0.0
train.numIncorrect.count	1.0
train.numIncorrect.mean	0.0
train.numIncorrect.max	0.0
train.timeout.count	1.0
train.timeout.mean	0.0
train.timeout.max	0.0
train.numTokens.count	1.0
train.numTokens.mean	1.0
train.numTokens.max	1.0
train.parseTime.count	1.0
train.parseTime.mean	2024.0
train.parseTime.max	2024.0
train.maxCellSize.count	1.0
train.maxCellSize.mean	3945.0
train.maxCellSize.max	3945.0
train.fallOffBeam.count	1.0
train.fallOffBeam.mean	0.0
train.fallOffBeam.max	0.0
train.totalDerivs.count	1.0
train.totalDerivs.mean	0.0
train.totalDerivs.max	0.0
train.numOfFeaturizedDerivs.count	1.0
train.numOfFeaturizedDerivs.mean	23601.0
train.numOfFeaturizedDerivs.max	23601.0
train.numCells.count	1.0
train.numCells.mean	92.0
train.numCells.max	92.0
0_train.correct.count	1.0
0_train.correct.mean	0.0
0_train.correct.max	0.0
0_train.oracle.count	1.0
0_train.oracle.mean	0.0
0_train.oracle.max	0.0
0_train.partCorrect.count	1.0
0_train.partCorrect.mean	0.0
0_train.partCorrect.max	0.0
0_train.partOracle.count	1.0
0_train.partOracle.mean	0.0
0_train.partOracle.max	0.0
0_train.parsed.count	1.0
0_train.parsed.mean	1.0
0_train.parsed.max	1.0
0_train.numCandidates.count	1.0
0_train.numCandidates.mean	1581.0
0_train.numCandidates.max	1581.0
0_train.parsedNumCandidates.count	1.0
0_train.parsedNumCandidates.mean	1581.0
0_train.parsedNumCandidates.max	1581.0
0_train.numCorrect.count	1.0
0_train.numCorrect.mean	0.0
0_train.numCorrect.max	0.0
0_train.numPartialCorrect.count	1.0
0_train.numPartialCorrect.mean	0.0
0_train.numPartialCorrect.max	0.0
0_train.numIncorrect.count	1.0
0_train.numIncorrect.mean	0.0
0_train.numIncorrect.max	0.0
0_train.timeout.count	1.0
0_train.timeout.mean	0.0
0_train.timeout.max	0.0
0_train.numTokens.count	1.0
0_train.numTokens.mean	1.0
0_train.numTokens.max	1.0
0_train.parseTime.count	1.0
0_train.parseTime.mean	2024.0
0_train.parseTime.max	2024.0
0_train.maxCellSize.count	1.0
0_train.maxCellSize.mean	3945.0
0_train.maxCellSize.max	3945.0
0_train.fallOffBeam.count	1.0
0_train.fallOffBeam.mean	0.0
0_train.fallOffBeam.max	0.0
0_train.totalDerivs.count	1.0
0_train.totalDerivs.mean	0.0
0_train.totalDerivs.max	0.0
0_train.numOfFeaturizedDerivs.count	1.0
0_train.numOfFeaturizedDerivs.mean	23601.0
0_train.numOfFeaturizedDerivs.max	23601.0
0_train.numCells.count	1.0
0_train.numCells.mean	92.0
0_train.numCells.max	92.0
iter=0-train.correct.count	1.0
iter=0-train.correct.mean	0.0
iter=0-train.correct.max	0.0
iter=0-train.oracle.count	1.0
iter=0-train.oracle.mean	0.0
iter=0-train.oracle.max	0.0
iter=0-train.partCorrect.count	1.0
iter=0-train.partCorrect.mean	0.0
iter=0-train.partCorrect.max	0.0
iter=0-train.partOracle.count	1.0
iter=0-train.partOracle.mean	0.0
iter=0-train.partOracle.max	0.0
iter=0-train.parsed.count	1.0
iter=0-train.parsed.mean	1.0
iter=0-train.parsed.max	1.0
iter=0-train.numCandidates.count	1.0
iter=0-train.numCandidates.mean	1581.0
iter=0-train.numCandidates.max	1581.0
iter=0-train.parsedNumCandidates.count	1.0
iter=0-train.parsedNumCandidates.mean	1581.0
iter=0-train.parsedNumCandidates.max	1581.0
iter=0-train.numCorrect.count	1.0
iter=0-train.numCorrect.mean	0.0
iter=0-train.numCorrect.max	0.0
iter=0-train.numPartialCorrect.count	1.0
iter=0-train.numPartialCorrect.mean	0.0
iter=0-train.numPartialCorrect.max	0.0
iter=0-train.numIncorrect.count	1.0
iter=0-train.numIncorrect.mean	0.0
iter=0-train.numIncorrect.max	0.0
iter=0-train.timeout.count	1.0
iter=0-train.timeout.mean	0.0
iter=0-train.timeout.max	0.0
iter=0-train.numTokens.count	1.0
iter=0-train.numTokens.mean	1.0
iter=0-train.numTokens.max	1.0
iter=0-train.parseTime.count	1.0
iter=0-train.parseTime.mean	2024.0
iter=0-train.parseTime.max	2024.0
iter=0-train.maxCellSize.count	1.0
iter=0-train.maxCellSize.mean	3945.0
iter=0-train.maxCellSize.max	3945.0
iter=0-train.fallOffBeam.count	1.0
iter=0-train.fallOffBeam.mean	0.0
iter=0-train.fallOffBeam.max	0.0
iter=0-train.totalDerivs.count	1.0
iter=0-train.totalDerivs.mean	0.0
iter=0-train.totalDerivs.max	0.0
iter=0-train.numOfFeaturizedDerivs.count	1.0
iter=0-train.numOfFeaturizedDerivs.mean	23601.0
iter=0-train.numOfFeaturizedDerivs.max	23601.0
iter=0-train.numCells.count	1.0
iter=0-train.numCells.mean	92.0
iter=0-train.numCells.max	92.0
exec.disk	2.0M
exec.status	done
